../Core/Src/main.c:125:6:DisplayTime	32	static
../Core/Src/main.c:148:6:ForceTimeUpdate	40	static
../Core/Src/main.c:174:6:UpdateTimeFromSystem	16	static
../Core/Src/main.c:232:6:DisplayDHT11Data	120	static
../Core/Src/main.c:266:6:RequestServerTime	72	static
../Core/Src/main.c:297:6:LCD_readChar	4	static
../Core/Src/main.c:306:6:SyncTimeWithServer	48	static
../Core/Src/main.c:338:5:main	144	static
../Core/Src/main.c:541:6:SystemClock_Config	88	static
../Core/Src/main.c:587:13:MX_ADC1_Init	24	static
../Core/Src/main.c:639:13:MX_I2C1_Init	8	static
../Core/Src/main.c:673:13:MX_USART2_UART_Init	8	static
../Core/Src/main.c:706:13:MX_USART6_UART_Init	8	static
../Core/Src/main.c:739:13:MX_GPIO_Init	48	static
../Core/Src/main.c:783:8:MX_GPIO_LED_ON	16	static
../Core/Src/main.c:788:8:MX_GPIO_LED_OFF	16	static
../Core/Src/main.c:793:8:MX_GPIO_TEST_LED_ON	16	static
../Core/Src/main.c:798:8:MX_GPIO_TEST_LED_OFF	16	static
../Core/Src/main.c:804:8:bluetooth_Event	152	static
../Core/Src/main.c:884:3:__io_putchar	16	static
../Core/Src/main.c:896:8:HAL_ADC_ConvCpltCallback	16	static
../Core/Src/main.c:907:8:HAL_UART_RxCpltCallback	16	static
../Core/Src/main.c:954:8:Error_Handler	8	static,ignoring_inline_asm
